// Jest Snapshot v1, https://goo.gl/fbAQLP

exports[`renders the Search component correctly 1`] = `
<div
  className="row justify-content-center"
>
  <div
    className="col-md-6"
  >
    <form>
      <input
        placeholder="Enter a city or zip code"
      />
      <input
        className="btn btn-primary"
        type="submit"
      />
    </form>
  </div>
</div>
`;
